<?xml version="1.0" encoding="UTF-8"?>
<TestRun id="3705b8ee-02fb-4930-921d-9d5cc0786796" name="SElhadidy@EGY-SELHADIDY-N 2012-07-02 20:16:12" runUser="STA\SElhadidy" xmlns="http://microsoft.com/schemas/VisualStudio/TeamTest/2010">
  <TestSettings name="Local" id="23f8a46f-754d-46d8-8051-970777a30213">
    <Description>These are default test settings for a local test run.</Description>
    <Deployment enabled="false" runDeploymentRoot="SElhadidy_EGY-SELHADIDY-N 2012-07-02 20_16_12">
      <DeploymentItem filename="C:\Users\selhadidy\Documents\GitHub\Tarneeb\Tarneeb\bin\Tarneeb.dll" />
    </Deployment>
    <Execution>
      <TestTypeSpecific />
      <AgentRule name="Execution Agents">
      </AgentRule>
    </Execution>
  </TestSettings>
  <Times creation="2012-07-02T20:16:12.3003839+02:00" queuing="2012-07-02T20:16:15.1032245+02:00" start="2012-07-02T20:16:15.2222602+02:00" finish="2012-07-02T20:16:16.2185590+02:00" />
  <ResultSummary outcome="Completed">
    <Counters total="6" executed="6" passed="6" error="0" failed="0" timeout="0" aborted="0" inconclusive="0" passedButRunAborted="0" notRunnable="0" notExecuted="0" disconnected="0" warning="0" completed="0" inProgress="0" pending="0" />
  </ResultSummary>
  <TestDefinitions>
    <UnitTest name="TestBasicBidding" storage="c:\users\selhadidy\documents\github\tarneeb\tarneeb.test\bin\debug\tarneeb.test.dll" id="2daa2049-3fb0-2584-9330-132c47870004">
      <Execution id="48ae721c-c474-48ec-b052-e3b7472c0325" />
      <TestMethod codeBase="C:/Users/selhadidy/Documents/GitHub/Tarneeb/Tarneeb.Test/bin/Debug/Tarneeb.Test.DLL" adapterTypeName="Microsoft.VisualStudio.TestTools.TestTypes.Unit.UnitTestAdapter, Microsoft.VisualStudio.QualityTools.Tips.UnitTest.Adapter, Version=10.0.0.0, Culture=neutral, PublicKeyToken=b03f5f7f11d50a3a" className="Tarneeb.Test.BiddingTest, Tarneeb.Test, Version=1.0.0.0, Culture=neutral, PublicKeyToken=null" name="TestBasicBidding" />
    </UnitTest>
    <UnitTest name="TestReDoubleBidding" storage="c:\users\selhadidy\documents\github\tarneeb\tarneeb.test\bin\debug\tarneeb.test.dll" id="5bf31575-534e-2843-8632-7cc2b299a04f">
      <Execution id="74e8bccc-6f5f-41da-ad15-fae6bbd671d5" />
      <TestMethod codeBase="C:/Users/selhadidy/Documents/GitHub/Tarneeb/Tarneeb.Test/bin/Debug/Tarneeb.Test.DLL" adapterTypeName="Microsoft.VisualStudio.TestTools.TestTypes.Unit.UnitTestAdapter, Microsoft.VisualStudio.QualityTools.Tips.UnitTest.Adapter, Version=10.0.0.0, Culture=neutral, PublicKeyToken=b03f5f7f11d50a3a" className="Tarneeb.Test.BiddingTest, Tarneeb.Test, Version=1.0.0.0, Culture=neutral, PublicKeyToken=null" name="TestReDoubleBidding" />
    </UnitTest>
    <UnitTest name="TestShuffle" storage="c:\users\selhadidy\documents\github\tarneeb\tarneeb.test\bin\debug\tarneeb.test.dll" id="c8e039bb-c001-49c5-ae80-cd46d2cc2a1e">
      <Execution id="a913ea3d-3335-43f7-a719-f4124321a69e" />
      <TestMethod codeBase="C:/Users/selhadidy/Documents/GitHub/Tarneeb/Tarneeb.Test/bin/Debug/Tarneeb.Test.DLL" adapterTypeName="Microsoft.VisualStudio.TestTools.TestTypes.Unit.UnitTestAdapter, Microsoft.VisualStudio.QualityTools.Tips.UnitTest.Adapter, Version=10.0.0.0, Culture=neutral, PublicKeyToken=b03f5f7f11d50a3a" className="Tarneeb.Test.ShufflerTest, Tarneeb.Test, Version=1.0.0.0, Culture=neutral, PublicKeyToken=null" name="TestShuffle" />
    </UnitTest>
    <UnitTest name="TestSortCards" storage="c:\users\selhadidy\documents\github\tarneeb\tarneeb.test\bin\debug\tarneeb.test.dll" id="2211914f-f712-0e0c-2c9a-47b1d0a7543b">
      <Execution id="29f55535-a63c-4a75-b783-87941528976c" />
      <TestMethod codeBase="C:/Users/selhadidy/Documents/GitHub/Tarneeb/Tarneeb.Test/bin/Debug/Tarneeb.Test.DLL" adapterTypeName="Microsoft.VisualStudio.TestTools.TestTypes.Unit.UnitTestAdapter, Microsoft.VisualStudio.QualityTools.Tips.UnitTest.Adapter, Version=10.0.0.0, Culture=neutral, PublicKeyToken=b03f5f7f11d50a3a" className="Tarneeb.Test.ShufflerTest, Tarneeb.Test, Version=1.0.0.0, Culture=neutral, PublicKeyToken=null" name="TestSortCards" />
    </UnitTest>
    <UnitTest name="TestDoubleBidding" storage="c:\users\selhadidy\documents\github\tarneeb\tarneeb.test\bin\debug\tarneeb.test.dll" id="5f7c4235-f233-07a2-c703-eebf22925161">
      <Execution id="7a51054a-8853-43f4-b37a-0f7617071993" />
      <TestMethod codeBase="C:/Users/selhadidy/Documents/GitHub/Tarneeb/Tarneeb.Test/bin/Debug/Tarneeb.Test.DLL" adapterTypeName="Microsoft.VisualStudio.TestTools.TestTypes.Unit.UnitTestAdapter, Microsoft.VisualStudio.QualityTools.Tips.UnitTest.Adapter, Version=10.0.0.0, Culture=neutral, PublicKeyToken=b03f5f7f11d50a3a" className="Tarneeb.Test.BiddingTest, Tarneeb.Test, Version=1.0.0.0, Culture=neutral, PublicKeyToken=null" name="TestDoubleBidding" />
    </UnitTest>
    <UnitTest name="TestBasicGame" storage="c:\users\selhadidy\documents\github\tarneeb\tarneeb.test\bin\debug\tarneeb.test.dll" id="c0844b29-4d87-4e77-bb24-8c44dda1938a">
      <Execution id="7d6285f0-8b35-49fd-9da5-ddb470cbe0d6" />
      <TestMethod codeBase="C:/Users/selhadidy/Documents/GitHub/Tarneeb/Tarneeb.Test/bin/Debug/Tarneeb.Test.DLL" adapterTypeName="Microsoft.VisualStudio.TestTools.TestTypes.Unit.UnitTestAdapter, Microsoft.VisualStudio.QualityTools.Tips.UnitTest.Adapter, Version=10.0.0.0, Culture=neutral, PublicKeyToken=b03f5f7f11d50a3a" className="Tarneeb.Test.GamePlayTest, Tarneeb.Test, Version=1.0.0.0, Culture=neutral, PublicKeyToken=null" name="TestBasicGame" />
    </UnitTest>
  </TestDefinitions>
  <TestLists>
    <TestList name="Results Not in a List" id="8c84fa94-04c1-424b-9868-57a2d4851a1d" />
    <TestList name="All Loaded Results" id="19431567-8539-422a-85d7-44ee4e166bda" />
  </TestLists>
  <TestEntries>
    <TestEntry testId="2daa2049-3fb0-2584-9330-132c47870004" executionId="48ae721c-c474-48ec-b052-e3b7472c0325" testListId="8c84fa94-04c1-424b-9868-57a2d4851a1d" />
    <TestEntry testId="5f7c4235-f233-07a2-c703-eebf22925161" executionId="7a51054a-8853-43f4-b37a-0f7617071993" testListId="8c84fa94-04c1-424b-9868-57a2d4851a1d" />
    <TestEntry testId="5bf31575-534e-2843-8632-7cc2b299a04f" executionId="74e8bccc-6f5f-41da-ad15-fae6bbd671d5" testListId="8c84fa94-04c1-424b-9868-57a2d4851a1d" />
    <TestEntry testId="c0844b29-4d87-4e77-bb24-8c44dda1938a" executionId="7d6285f0-8b35-49fd-9da5-ddb470cbe0d6" testListId="8c84fa94-04c1-424b-9868-57a2d4851a1d" />
    <TestEntry testId="c8e039bb-c001-49c5-ae80-cd46d2cc2a1e" executionId="a913ea3d-3335-43f7-a719-f4124321a69e" testListId="8c84fa94-04c1-424b-9868-57a2d4851a1d" />
    <TestEntry testId="2211914f-f712-0e0c-2c9a-47b1d0a7543b" executionId="29f55535-a63c-4a75-b783-87941528976c" testListId="8c84fa94-04c1-424b-9868-57a2d4851a1d" />
  </TestEntries>
  <Results>
    <UnitTestResult executionId="48ae721c-c474-48ec-b052-e3b7472c0325" testId="2daa2049-3fb0-2584-9330-132c47870004" testName="TestBasicBidding" computerName="EGY-SELHADIDY-N" duration="00:00:00.0738910" startTime="2012-07-02T20:16:15.2962824+02:00" endTime="2012-07-02T20:16:16.1185290+02:00" testType="13cdc9d9-ddb5-4fa4-a97d-d965ccfc6d4b" outcome="Passed" testListId="8c84fa94-04c1-424b-9868-57a2d4851a1d" relativeResultsDirectory="48ae721c-c474-48ec-b052-e3b7472c0325">
    </UnitTestResult>
    <UnitTestResult executionId="7a51054a-8853-43f4-b37a-0f7617071993" testId="5f7c4235-f233-07a2-c703-eebf22925161" testName="TestDoubleBidding" computerName="EGY-SELHADIDY-N" duration="00:00:00.0002104" startTime="2012-07-02T20:16:16.1235305+02:00" endTime="2012-07-02T20:16:16.1275317+02:00" testType="13cdc9d9-ddb5-4fa4-a97d-d965ccfc6d4b" outcome="Passed" testListId="8c84fa94-04c1-424b-9868-57a2d4851a1d" relativeResultsDirectory="7a51054a-8853-43f4-b37a-0f7617071993">
    </UnitTestResult>
    <UnitTestResult executionId="74e8bccc-6f5f-41da-ad15-fae6bbd671d5" testId="5bf31575-534e-2843-8632-7cc2b299a04f" testName="TestReDoubleBidding" computerName="EGY-SELHADIDY-N" duration="00:00:00.0001456" startTime="2012-07-02T20:16:16.1295323+02:00" endTime="2012-07-02T20:16:16.1345338+02:00" testType="13cdc9d9-ddb5-4fa4-a97d-d965ccfc6d4b" outcome="Passed" testListId="8c84fa94-04c1-424b-9868-57a2d4851a1d" relativeResultsDirectory="74e8bccc-6f5f-41da-ad15-fae6bbd671d5">
    </UnitTestResult>
    <UnitTestResult executionId="7d6285f0-8b35-49fd-9da5-ddb470cbe0d6" testId="c0844b29-4d87-4e77-bb24-8c44dda1938a" testName="TestBasicGame" computerName="EGY-SELHADIDY-N" duration="00:00:00.0201490" startTime="2012-07-02T20:16:16.1415359+02:00" endTime="2012-07-02T20:16:16.1665434+02:00" testType="13cdc9d9-ddb5-4fa4-a97d-d965ccfc6d4b" outcome="Passed" testListId="8c84fa94-04c1-424b-9868-57a2d4851a1d" relativeResultsDirectory="7d6285f0-8b35-49fd-9da5-ddb470cbe0d6">
      <Output>
        <StdOut>South-Q Clubs
East-7
North-8
West-J Clubs
West-9
South-3
East-2
North-K Clubs
North-4
West-3
South-J Diamonds
East-6
East-9
North-2
West-5
South-A Diamonds
South-6
East-5
North-10
West-A Clubs
West-J Hearts
South-5
East-2
North-4
North-7
West-Q Hearts
South-10
East-3
East-6
North-8
West-A Hearts
South-4
South-3
East-2
North-6
West-4
North-K Spades
West-8
South-5
East-9
North-Q Diamonds
West-8
South-J Spades
East-K Diamonds
South-7
East-10
North-7
West-10
West-Q Spades
South-A Spades
East-K Hearts
North-9
NS:8 - EW:0</StdOut>
      </Output>
    </UnitTestResult>
    <UnitTestResult executionId="a913ea3d-3335-43f7-a719-f4124321a69e" testId="c8e039bb-c001-49c5-ae80-cd46d2cc2a1e" testName="TestShuffle" computerName="EGY-SELHADIDY-N" duration="00:00:00.0007018" startTime="2012-07-02T20:16:16.1675437+02:00" endTime="2012-07-02T20:16:16.1715449+02:00" testType="13cdc9d9-ddb5-4fa4-a97d-d965ccfc6d4b" outcome="Passed" testListId="8c84fa94-04c1-424b-9868-57a2d4851a1d" relativeResultsDirectory="a913ea3d-3335-43f7-a719-f4124321a69e">
    </UnitTestResult>
    <UnitTestResult executionId="29f55535-a63c-4a75-b783-87941528976c" testId="2211914f-f712-0e0c-2c9a-47b1d0a7543b" testName="TestSortCards" computerName="EGY-SELHADIDY-N" duration="00:00:00.0005787" startTime="2012-07-02T20:16:16.1725452+02:00" endTime="2012-07-02T20:16:16.1775467+02:00" testType="13cdc9d9-ddb5-4fa4-a97d-d965ccfc6d4b" outcome="Passed" testListId="8c84fa94-04c1-424b-9868-57a2d4851a1d" relativeResultsDirectory="29f55535-a63c-4a75-b783-87941528976c">
    </UnitTestResult>
  </Results>
</TestRun>