<?xml version="1.0" encoding="UTF-8"?>
<TestRun id="69b5b48e-10ed-43a3-b8be-d9394e6d0c2b" name="SElhadidy@EGY-SELHADIDY-N 2012-07-02 17:23:26" runUser="STA\SElhadidy" xmlns="http://microsoft.com/schemas/VisualStudio/TeamTest/2010">
  <TestSettings name="Local" id="23f8a46f-754d-46d8-8051-970777a30213">
    <Description>These are default test settings for a local test run.</Description>
    <Deployment enabled="false" runDeploymentRoot="SElhadidy_EGY-SELHADIDY-N 2012-07-02 17_23_26">
      <DeploymentItem filename="C:\Users\selhadidy\Documents\GitHub\Tarneeb\TarneebMVC4\bin\TarneebMVC4.dll" />
    </Deployment>
    <Execution>
      <TestTypeSpecific />
      <AgentRule name="Execution Agents">
      </AgentRule>
    </Execution>
  </TestSettings>
  <Times creation="2012-07-02T17:23:26.7441109+02:00" queuing="2012-07-02T17:23:42.0326396+02:00" start="2012-07-02T17:23:42.5076871+02:00" finish="2012-07-02T17:23:46.2060569+02:00" />
  <ResultSummary outcome="Completed">
    <Counters total="6" executed="6" passed="6" error="0" failed="0" timeout="0" aborted="0" inconclusive="0" passedButRunAborted="0" notRunnable="0" notExecuted="0" disconnected="0" warning="0" completed="0" inProgress="0" pending="0" />
  </ResultSummary>
  <TestDefinitions>
    <UnitTest name="TestBasicBidding" storage="c:\users\selhadidy\documents\github\tarneeb\tarneeb.test\bin\debug\tarneeb.test.dll" id="2daa2049-3fb0-2584-9330-132c47870004">
      <Execution id="4531a5fc-7e2d-4aef-8aa2-a53e8ad0b74b" />
      <TestMethod codeBase="C:/Users/selhadidy/Documents/GitHub/Tarneeb/Tarneeb.Test/bin/Debug/Tarneeb.Test.DLL" adapterTypeName="Microsoft.VisualStudio.TestTools.TestTypes.Unit.UnitTestAdapter, Microsoft.VisualStudio.QualityTools.Tips.UnitTest.Adapter, Version=10.0.0.0, Culture=neutral, PublicKeyToken=b03f5f7f11d50a3a" className="Tarneeb.Test.BiddingTest, Tarneeb.Test, Version=1.0.0.0, Culture=neutral, PublicKeyToken=null" name="TestBasicBidding" />
    </UnitTest>
    <UnitTest name="TestSortCards" storage="c:\users\selhadidy\documents\github\tarneeb\tarneeb.test\bin\debug\tarneeb.test.dll" id="2211914f-f712-0e0c-2c9a-47b1d0a7543b">
      <Execution id="4e2e556a-3125-4b12-8924-abf4092b71d2" />
      <TestMethod codeBase="C:/Users/selhadidy/Documents/GitHub/Tarneeb/Tarneeb.Test/bin/Debug/Tarneeb.Test.DLL" adapterTypeName="Microsoft.VisualStudio.TestTools.TestTypes.Unit.UnitTestAdapter, Microsoft.VisualStudio.QualityTools.Tips.UnitTest.Adapter, Version=10.0.0.0, Culture=neutral, PublicKeyToken=b03f5f7f11d50a3a" className="Tarneeb.Test.ShufflerTest, Tarneeb.Test, Version=1.0.0.0, Culture=neutral, PublicKeyToken=null" name="TestSortCards" />
    </UnitTest>
    <UnitTest name="TestShuffle" storage="c:\users\selhadidy\documents\github\tarneeb\tarneeb.test\bin\debug\tarneeb.test.dll" id="c8e039bb-c001-49c5-ae80-cd46d2cc2a1e">
      <Execution id="7a4047b7-4b3c-480e-b5c3-c9203656e2bd" />
      <TestMethod codeBase="C:/Users/selhadidy/Documents/GitHub/Tarneeb/Tarneeb.Test/bin/Debug/Tarneeb.Test.DLL" adapterTypeName="Microsoft.VisualStudio.TestTools.TestTypes.Unit.UnitTestAdapter, Microsoft.VisualStudio.QualityTools.Tips.UnitTest.Adapter, Version=10.0.0.0, Culture=neutral, PublicKeyToken=b03f5f7f11d50a3a" className="Tarneeb.Test.ShufflerTest, Tarneeb.Test, Version=1.0.0.0, Culture=neutral, PublicKeyToken=null" name="TestShuffle" />
    </UnitTest>
    <UnitTest name="TestReDoubleBidding" storage="c:\users\selhadidy\documents\github\tarneeb\tarneeb.test\bin\debug\tarneeb.test.dll" id="5bf31575-534e-2843-8632-7cc2b299a04f">
      <Execution id="795ea1a6-4986-4f71-b691-be160a3639dc" />
      <TestMethod codeBase="C:/Users/selhadidy/Documents/GitHub/Tarneeb/Tarneeb.Test/bin/Debug/Tarneeb.Test.DLL" adapterTypeName="Microsoft.VisualStudio.TestTools.TestTypes.Unit.UnitTestAdapter, Microsoft.VisualStudio.QualityTools.Tips.UnitTest.Adapter, Version=10.0.0.0, Culture=neutral, PublicKeyToken=b03f5f7f11d50a3a" className="Tarneeb.Test.BiddingTest, Tarneeb.Test, Version=1.0.0.0, Culture=neutral, PublicKeyToken=null" name="TestReDoubleBidding" />
    </UnitTest>
    <UnitTest name="TestDoubleBidding" storage="c:\users\selhadidy\documents\github\tarneeb\tarneeb.test\bin\debug\tarneeb.test.dll" id="5f7c4235-f233-07a2-c703-eebf22925161">
      <Execution id="e1d1306f-7118-4c06-94c3-99b862d112d0" />
      <TestMethod codeBase="C:/Users/selhadidy/Documents/GitHub/Tarneeb/Tarneeb.Test/bin/Debug/Tarneeb.Test.DLL" adapterTypeName="Microsoft.VisualStudio.TestTools.TestTypes.Unit.UnitTestAdapter, Microsoft.VisualStudio.QualityTools.Tips.UnitTest.Adapter, Version=10.0.0.0, Culture=neutral, PublicKeyToken=b03f5f7f11d50a3a" className="Tarneeb.Test.BiddingTest, Tarneeb.Test, Version=1.0.0.0, Culture=neutral, PublicKeyToken=null" name="TestDoubleBidding" />
    </UnitTest>
    <UnitTest name="TestBasicGame" storage="c:\users\selhadidy\documents\github\tarneeb\tarneeb.test\bin\debug\tarneeb.test.dll" id="c0844b29-4d87-4e77-bb24-8c44dda1938a">
      <Execution id="014d5d5b-5504-4192-87bf-b2eba8342231" />
      <TestMethod codeBase="C:/Users/selhadidy/Documents/GitHub/Tarneeb/Tarneeb.Test/bin/Debug/Tarneeb.Test.DLL" adapterTypeName="Microsoft.VisualStudio.TestTools.TestTypes.Unit.UnitTestAdapter, Microsoft.VisualStudio.QualityTools.Tips.UnitTest.Adapter, Version=10.0.0.0, Culture=neutral, PublicKeyToken=b03f5f7f11d50a3a" className="Tarneeb.Test.GamePlayTest, Tarneeb.Test, Version=1.0.0.0, Culture=neutral, PublicKeyToken=null" name="TestBasicGame" />
    </UnitTest>
  </TestDefinitions>
  <TestLists>
    <TestList name="Results Not in a List" id="8c84fa94-04c1-424b-9868-57a2d4851a1d" />
    <TestList name="All Loaded Results" id="19431567-8539-422a-85d7-44ee4e166bda" />
  </TestLists>
  <TestEntries>
    <TestEntry testId="2211914f-f712-0e0c-2c9a-47b1d0a7543b" executionId="4e2e556a-3125-4b12-8924-abf4092b71d2" testListId="8c84fa94-04c1-424b-9868-57a2d4851a1d" />
    <TestEntry testId="2daa2049-3fb0-2584-9330-132c47870004" executionId="4531a5fc-7e2d-4aef-8aa2-a53e8ad0b74b" testListId="8c84fa94-04c1-424b-9868-57a2d4851a1d" />
    <TestEntry testId="5bf31575-534e-2843-8632-7cc2b299a04f" executionId="795ea1a6-4986-4f71-b691-be160a3639dc" testListId="8c84fa94-04c1-424b-9868-57a2d4851a1d" />
    <TestEntry testId="5f7c4235-f233-07a2-c703-eebf22925161" executionId="e1d1306f-7118-4c06-94c3-99b862d112d0" testListId="8c84fa94-04c1-424b-9868-57a2d4851a1d" />
    <TestEntry testId="c0844b29-4d87-4e77-bb24-8c44dda1938a" executionId="014d5d5b-5504-4192-87bf-b2eba8342231" testListId="8c84fa94-04c1-424b-9868-57a2d4851a1d" />
    <TestEntry testId="c8e039bb-c001-49c5-ae80-cd46d2cc2a1e" executionId="7a4047b7-4b3c-480e-b5c3-c9203656e2bd" testListId="8c84fa94-04c1-424b-9868-57a2d4851a1d" />
  </TestEntries>
  <Results>
    <UnitTestResult executionId="4e2e556a-3125-4b12-8924-abf4092b71d2" testId="2211914f-f712-0e0c-2c9a-47b1d0a7543b" testName="TestSortCards" computerName="EGY-SELHADIDY-N" duration="00:00:00.0548763" startTime="2012-07-02T17:23:42.6176981+02:00" endTime="2012-07-02T17:23:45.5089872+02:00" testType="13cdc9d9-ddb5-4fa4-a97d-d965ccfc6d4b" outcome="Passed" testListId="8c84fa94-04c1-424b-9868-57a2d4851a1d" relativeResultsDirectory="4e2e556a-3125-4b12-8924-abf4092b71d2">
    </UnitTestResult>
    <UnitTestResult executionId="4531a5fc-7e2d-4aef-8aa2-a53e8ad0b74b" testId="2daa2049-3fb0-2584-9330-132c47870004" testName="TestBasicBidding" computerName="EGY-SELHADIDY-N" duration="00:00:00.0868447" startTime="2012-07-02T17:23:45.5149878+02:00" endTime="2012-07-02T17:23:45.6119975+02:00" testType="13cdc9d9-ddb5-4fa4-a97d-d965ccfc6d4b" outcome="Passed" testListId="8c84fa94-04c1-424b-9868-57a2d4851a1d" relativeResultsDirectory="4531a5fc-7e2d-4aef-8aa2-a53e8ad0b74b">
    </UnitTestResult>
    <UnitTestResult executionId="795ea1a6-4986-4f71-b691-be160a3639dc" testId="5bf31575-534e-2843-8632-7cc2b299a04f" testName="TestReDoubleBidding" computerName="EGY-SELHADIDY-N" duration="00:00:00.0001520" startTime="2012-07-02T17:23:45.6179981+02:00" endTime="2012-07-02T17:23:45.6269990+02:00" testType="13cdc9d9-ddb5-4fa4-a97d-d965ccfc6d4b" outcome="Passed" testListId="8c84fa94-04c1-424b-9868-57a2d4851a1d" relativeResultsDirectory="795ea1a6-4986-4f71-b691-be160a3639dc">
    </UnitTestResult>
    <UnitTestResult executionId="e1d1306f-7118-4c06-94c3-99b862d112d0" testId="5f7c4235-f233-07a2-c703-eebf22925161" testName="TestDoubleBidding" computerName="EGY-SELHADIDY-N" duration="00:00:00.0001956" startTime="2012-07-02T17:23:45.6339997+02:00" endTime="2012-07-02T17:23:45.6430006+02:00" testType="13cdc9d9-ddb5-4fa4-a97d-d965ccfc6d4b" outcome="Passed" testListId="8c84fa94-04c1-424b-9868-57a2d4851a1d" relativeResultsDirectory="e1d1306f-7118-4c06-94c3-99b862d112d0">
    </UnitTestResult>
    <UnitTestResult executionId="014d5d5b-5504-4192-87bf-b2eba8342231" testId="c0844b29-4d87-4e77-bb24-8c44dda1938a" testName="TestBasicGame" computerName="EGY-SELHADIDY-N" duration="00:00:00.0453801" startTime="2012-07-02T17:23:45.6490012+02:00" endTime="2012-07-02T17:23:45.7020065+02:00" testType="13cdc9d9-ddb5-4fa4-a97d-d965ccfc6d4b" outcome="Passed" testListId="8c84fa94-04c1-424b-9868-57a2d4851a1d" relativeResultsDirectory="014d5d5b-5504-4192-87bf-b2eba8342231">
      <Output>
        <StdOut>South-6
East-3
North-5
West-4
South-2
East-10
North-8
West-9
East-Q Spades
North-4
West-J Spades
South-7
East-K Spades
North-2
West-A Spades
South-10
West-7
South-9
East-3
North-6
North-8
West-2
South-10
East-5
East-J Clubs
North-9
West-4
South-K Diamonds
South-4
East-2
North-3
West-7
West-K Clubs
South-5
East-A Clubs
North-Q Diamonds
North-8
West-3
South-J Diamonds
East-5
East-6
North-9
West-7
South-6
South-10
East-8
North-Q Hearts
West-Q Clubs
West-A Diamonds
South-K Hearts
East-J Hearts
North-A Hearts
NS:-8 - EW:7</StdOut>
      </Output>
    </UnitTestResult>
    <UnitTestResult executionId="7a4047b7-4b3c-480e-b5c3-c9203656e2bd" testId="c8e039bb-c001-49c5-ae80-cd46d2cc2a1e" testName="TestShuffle" computerName="EGY-SELHADIDY-N" duration="00:00:00.0007288" startTime="2012-07-02T17:23:45.7090072+02:00" endTime="2012-07-02T17:23:45.7190082+02:00" testType="13cdc9d9-ddb5-4fa4-a97d-d965ccfc6d4b" outcome="Passed" testListId="8c84fa94-04c1-424b-9868-57a2d4851a1d" relativeResultsDirectory="7a4047b7-4b3c-480e-b5c3-c9203656e2bd">
    </UnitTestResult>
  </Results>
</TestRun>